// Jest Snapshot v1, https://goo.gl/fbAQLP

exports[`simple formatter should format data with > 1 data rows correctly 1`] = `
"Name: test-project-simple-1
Customer: test-customer-simple-1

Name: test-project-simple-2
Customer: test-customer-simple-2"
`;

exports[`simple formatter should format data with 0 data rows correctly 1`] = `""`;

exports[`simple formatter should format data with 1 data row correctly 1`] = `
"Name: test-project-simple-1
Customer: test-customer-simple-1"
`;
