// Jest Snapshot v1, https://goo.gl/fbAQLP

exports[`getAllSiteGroups should return a list of getAllSiteGroups 1`] = `
Array [
  Object {
    "git_url": "git://sg1",
    "id": "sg1",
    "site_group_name": "sg1",
  },
  Object {
    "git_url": "git://sg2",
    "id": "sg2",
    "site_group_name": "sg2",
  },
]
`;
