// Jest Snapshot v1, https://goo.gl/fbAQLP

exports[`createJWT should create token properly 1`] = `"eyJhbGciOiJIUzI1NiIsInR5cCI6IkpXVCJ9.eyJ1c2VySWQiOjAsInBlcm1pc3Npb25zIjp7InByb2plY3RzIjpbXSwiY3VzdG9tZXJzIjpbXX0sInJvbGUiOiJhZG1pbiIsImlhdCI6MTUwMzAxNDQwMDAwMCwiaXNzIjoiamVzdCJ9.22DgaCLyG2IsbMmD9hkP1S_zWIh_XH8IJCIIHGpoLx0"`;
