// Jest Snapshot v1, https://goo.gl/fbAQLP

exports[`Sql allowedToModify if admin, should create statement without IN clause 1`] = `"select IF(COUNT(sk.id) > 0, 1, 0) as allowed from \`ssh_key\` as \`sk\` inner join \`project_ssh_key\` as \`ps\` on \`sk\`.\`id\` = \`ps\`.\`skid\` inner join \`customer_ssh_key\` as \`cs\` on \`sk\`.\`id\` = \`cs\`.\`skid\` limit 1"`;

exports[`Sql allowedToModify if not admin, should create statement with IN clauses 1`] = `"select IF(COUNT(sk.id) > 0, 1, 0) as allowed from \`ssh_key\` as \`sk\` inner join \`project_ssh_key\` as \`ps\` on \`sk\`.\`id\` = \`ps\`.\`skid\` inner join \`customer_ssh_key\` as \`cs\` on \`sk\`.\`id\` = \`cs\`.\`skid\` where (1 = 0 or \`ps\`.\`pid\` in ('2', '1')) and \`sk\`.\`id\` = 1 limit 1"`;

exports[`Sql selectSshKey should create a proper query 1`] = `"select * from \`ssh_key\` where \`id\` = 1"`;

exports[`Sql updateSshKey should create a proper query 1`] = `"update \`ssh_key\` set \`keyType\` = 'ssh-rsa' where \`id\` = 1"`;
