// Jest Snapshot v1, https://goo.gl/fbAQLP

exports[`run should not overwrite config file when \`overwrite\` option set to false 1`] = `
Array [
  Array [
    "[31mNot overwriting existing file 'some/path/.amazeeio.yml'.[39m",
  ],
]
`;

exports[`run should overwrite existing config file if overwrite option passed as true 1`] = `
Array [
  Array [
    "Creating file 'some/path/.amazeeio.yml'...",
  ],
  Array [
    "[32mConfiguration file created![39m",
  ],
]
`;

exports[`run should write default yaml to given cwd + .amazeeio.yml 1`] = `
Array [
  Array [
    "Creating file 'some/path/.amazeeio.yml'...",
  ],
  Array [
    "[32mConfiguration file created![39m",
  ],
]
`;
