// Jest Snapshot v1, https://goo.gl/fbAQLP

exports[`siteInfo should detect ambiguity and propose more specific parameters 1`] = `
Array [
  Array [
    "Multiple sites found with the same name but different branches. The branch can be specified with the \\"siteName@siteBranch\\" syntax. For example:",
  ],
  Array [
    "-> site1@dev",
  ],
  Array [
    "-> site1@prod",
  ],
]
`;

exports[`siteInfo should display error, if GraphQL sends error messages 1`] = `
Array [
  Array [
    "[31mOops! The amazee.io API returned an error:[39m",
  ],
  Array [
    "[31m{[39m
[31m  \\"message\\": \\"something something error\\"[39m
[31m}[39m",
  ],
]
`;

exports[`siteInfo should show table with information about sitegroup 1`] = `
Array [
  Array [
    "Details for 'some_sitegroup -> site1@dev':",
  ],
  Array [
    "╔══════════════════════╤════════════════════════╗
║ Site Name            │ site1                  ║
╟──────────────────────┼────────────────────────╢
║ Site Branch          │ dev                    ║
╟──────────────────────┼────────────────────────╢
║ Site Env             │ development            ║
╟──────────────────────┼────────────────────────╢
║ User Id              │ uid                    ║
╟──────────────────────┼────────────────────────╢
║ Server Names         │ servername1            ║
╟──────────────────────┼────────────────────────╢
║ Webroot              │ webroot                ║
╟──────────────────────┼────────────────────────╢
║ Domains              │ domain1, domain2       ║
╟──────────────────────┼────────────────────────╢
║ Redirect Domains     │ redomain1, redomain2   ║
╟──────────────────────┼────────────────────────╢
║ SSL Certificate Type │ sslcerttype            ║
╟──────────────────────┼────────────────────────╢
║ Cron                 │ Type: cron - Minute: 0 ║
╟──────────────────────┼────────────────────────╢
║ Solr Enabled         │ false                  ║
╚══════════════════════╧════════════════════════╝
",
  ],
]
`;
