// Jest Snapshot v1, https://goo.gl/fbAQLP

exports[`lagu should list all projects 1`] = `
"╔════════════════════╤═════════════════════════════════════════════════════╤══════════╤═══════════════╤═════════════════════╗
║ Project            │ Git URL                                             │ Branches │ Pull Requests │ Created             ║
╟────────────────────┼─────────────────────────────────────────────────────┼──────────┼───────────────┼─────────────────────╢
║ ci-bitbucket       │ ssh://git@192.168.99.1:2222/git/bitbucket.git       │ true     │ true          │ 2018-06-18 14:27:35 ║
╟────────────────────┼─────────────────────────────────────────────────────┼──────────┼───────────────┼─────────────────────╢
║ ci-drupal          │ ssh://git@192.168.99.1:2222/git/drupal.git          │ true     │ true          │ 2018-06-18 14:27:36 ║
╟────────────────────┼─────────────────────────────────────────────────────┼──────────┼───────────────┼─────────────────────╢
║ ci-drupal-galera   │ ssh://git@192.168.99.1:2222/git/drupal-galera.git   │ true     │ true          │ 2018-06-18 14:27:36 ║
╟────────────────────┼─────────────────────────────────────────────────────┼──────────┼───────────────┼─────────────────────╢
║ ci-drupal-postgres │ ssh://git@192.168.99.1:2222/git/drupal-postgres.git │ true     │ true          │ 2018-06-18 14:27:36 ║
╟────────────────────┼─────────────────────────────────────────────────────┼──────────┼───────────────┼─────────────────────╢
║ ci-elasticsearch   │ ssh://git@192.168.99.1:2222/git/elasticsearch.git   │ true     │ true          │ 2018-06-18 14:27:36 ║
╟────────────────────┼─────────────────────────────────────────────────────┼──────────┼───────────────┼─────────────────────╢
║ ci-features        │ ssh://git@192.168.99.1:2222/git/features.git        │ true     │ true          │ 2018-06-18 14:27:36 ║
╟────────────────────┼─────────────────────────────────────────────────────┼──────────┼───────────────┼─────────────────────╢
║ ci-github          │ ssh://git@192.168.99.1:2222/git/github.git          │ true     │ true          │ 2018-06-18 14:27:35 ║
╟────────────────────┼─────────────────────────────────────────────────────┼──────────┼───────────────┼─────────────────────╢
║ ci-gitlab          │ ssh://git@192.168.99.1:2222/git/gitlab.git          │ true     │ true          │ 2018-06-18 14:27:35 ║
╟────────────────────┼─────────────────────────────────────────────────────┼──────────┼───────────────┼─────────────────────╢
║ ci-multiproject1   │ ssh://git@192.168.99.1:2222/git/multiproject.git    │ true     │ true          │ 2018-06-18 14:27:36 ║
╟────────────────────┼─────────────────────────────────────────────────────┼──────────┼───────────────┼─────────────────────╢
║ ci-multiproject2   │ ssh://git@192.168.99.1:2222/git/multiproject.git    │ true     │ true          │ 2018-06-18 14:27:36 ║
╟────────────────────┼─────────────────────────────────────────────────────┼──────────┼───────────────┼─────────────────────╢
║ ci-nginx           │ ssh://git@192.168.99.1:2222/git/nginx.git           │ true     │ true          │ 2018-06-18 14:27:36 ║
╟────────────────────┼─────────────────────────────────────────────────────┼──────────┼───────────────┼─────────────────────╢
║ ci-node            │ ssh://git@192.168.99.1:2222/git/node.git            │ true     │ true          │ 2018-06-18 14:27:36 ║
╟────────────────────┼─────────────────────────────────────────────────────┼──────────┼───────────────┼─────────────────────╢
║ ci-rest            │ ssh://git@192.168.99.1:2222/git/rest.git            │ true     │ true          │ 2018-06-18 14:27:36 ║
╚════════════════════╧═════════════════════════════════════════════════════╧══════════╧═══════════════╧═════════════════════╝
"
`;

exports[`lagu should log in 1`] = `
"Logging in to lagoon at lagoon@localhost:2020...
[32mLogged in successfully.[39m"
`;

exports[`lagu should log out 1`] = `"[32mLogged out successfully.[39m"`;

exports[`lagu should show customer details (project read from .lagoon.yml) 1`] = `
"Customer details for project 'ci-multiproject1':
╔════════════════════╤═════════════════════╗
║ Name               │ ci-customer         ║
╟────────────────────┼─────────────────────╢
║ Comment            │                     ║
╟────────────────────┼─────────────────────╢
║ Deploy Private Key │ √                   ║
╟────────────────────┼─────────────────────╢
║ SSH Keys           │ ci-customer-sshkey  ║
╟────────────────────┼─────────────────────╢
║ Created            │ 2018-06-18 14:27:35 ║
╚════════════════════╧═════════════════════╝
"
`;

exports[`lagu should show customer details (using --project option) 1`] = `
"Customer details for project 'ci-multiproject1':
╔════════════════════╤═════════════════════╗
║ Name               │ ci-customer         ║
╟────────────────────┼─────────────────────╢
║ Comment            │                     ║
╟────────────────────┼─────────────────────╢
║ Deploy Private Key │ √                   ║
╟────────────────────┼─────────────────────╢
║ SSH Keys           │ ci-customer-sshkey  ║
╟────────────────────┼─────────────────────╢
║ Created            │ 2018-06-18 14:27:35 ║
╚════════════════════╧═════════════════════╝
"
`;

exports[`lagu should show project details (read from .lagoon.yml) 1`] = `
"Project details for 'ci-multiproject1':
╔═══════════════════════╤══════════════════════════════════════════════════╗
║ Project Name          │ ci-multiproject1                                 ║
╟───────────────────────┼──────────────────────────────────────────────────╢
║ Customer              │ ci-customer                                      ║
╟───────────────────────┼──────────────────────────────────────────────────╢
║ Git URL               │ ssh://git@192.168.99.1:2222/git/multiproject.git ║
╟───────────────────────┼──────────────────────────────────────────────────╢
║ Active Systems Deploy │ lagoon_openshiftBuildDeploy                      ║
╟───────────────────────┼──────────────────────────────────────────────────╢
║ Active Systems Remove │ lagoon_openshiftRemove                           ║
╟───────────────────────┼──────────────────────────────────────────────────╢
║ Branches              │ true                                             ║
╟───────────────────────┼──────────────────────────────────────────────────╢
║ Pull Requests         │ true                                             ║
╟───────────────────────┼──────────────────────────────────────────────────╢
║ Openshift             │ ci-local                                         ║
╟───────────────────────┼──────────────────────────────────────────────────╢
║ Created               │ 2018-06-18 14:27:36                              ║
╚═══════════════════════╧══════════════════════════════════════════════════╝
"
`;

exports[`lagu should show project details (using --project option) 1`] = `
"Project details for 'ci-multiproject1':
╔═══════════════════════╤══════════════════════════════════════════════════╗
║ Project Name          │ ci-multiproject1                                 ║
╟───────────────────────┼──────────────────────────────────────────────────╢
║ Customer              │ ci-customer                                      ║
╟───────────────────────┼──────────────────────────────────────────────────╢
║ Git URL               │ ssh://git@192.168.99.1:2222/git/multiproject.git ║
╟───────────────────────┼──────────────────────────────────────────────────╢
║ Active Systems Deploy │ lagoon_openshiftBuildDeploy                      ║
╟───────────────────────┼──────────────────────────────────────────────────╢
║ Active Systems Remove │ lagoon_openshiftRemove                           ║
╟───────────────────────┼──────────────────────────────────────────────────╢
║ Branches              │ true                                             ║
╟───────────────────────┼──────────────────────────────────────────────────╢
║ Pull Requests         │ true                                             ║
╟───────────────────────┼──────────────────────────────────────────────────╢
║ Openshift             │ ci-local                                         ║
╟───────────────────────┼──────────────────────────────────────────────────╢
║ Created               │ 2018-06-18 14:27:36                              ║
╚═══════════════════════╧══════════════════════════════════════════════════╝
"
`;
